
*** Running vivado
    with args -log GBC.vds -m64 -product Vivado -mode batch -messageDb vivado.pb -notrace -source GBC.tcl



****** Vivado v2024.2 (64-bit)
  **** SW Build 5239630 on Fri Nov 08 22:35:27 MST 2024
  **** IP Build 5239520 on Sun Nov 10 16:12:51 MST 2024
  **** SharedData Build 5239561 on Fri Nov 08 14:39:27 MST 2024
  **** Start of session at: Sat Sep 20 15:57:23 2025
    ** Copyright 1986-2022 Xilinx, Inc. All Rights Reserved.
    ** Copyright 2022-2024 Advanced Micro Devices, Inc. All Rights Reserved.

source GBC.tcl -notrace
Command: read_checkpoint -auto_incremental -incremental {C:/GitRepos/GBoilerC/Vivado Projects/GBoilerC/GBoilerC.srcs/utils_1/imports/synth_1/CPU.dcp}
INFO: [Vivado 12-5825] Read reference checkpoint from C:/GitRepos/GBoilerC/Vivado Projects/GBoilerC/GBoilerC.srcs/utils_1/imports/synth_1/CPU.dcp for incremental synthesis
INFO: [Vivado 12-7989] Please ensure there are no constraint changes
Command: synth_design -top GBC -part xc7s25csga324-1
Starting synth_design
Attempting to get a license for feature 'Synthesis' and/or device 'xc7s25'
INFO: [Common 17-349] Got license for feature 'Synthesis' and/or device 'xc7s25'
INFO: [Designutils 20-5440] No compile time benefit to using incremental synthesis; A full resynthesis will be run
INFO: [Designutils 20-4379] Flow is switching to default flow due to incremental criteria not met. If you would like to alter this behaviour and have the flow terminate instead, please set the following parameter config_implementation {autoIncr.Synth.RejectBehavior Terminate}
INFO: [Synth 8-7079] Multithreading enabled for synth_design using a maximum of 2 processes.
INFO: [Synth 8-7078] Launching helper process for spawning children vivado processes
INFO: [Synth 8-7075] Helper process launched with PID 21404
---------------------------------------------------------------------------------
Starting Synthesize : Time (s): cpu = 00:00:08 ; elapsed = 00:00:09 . Memory (MB): peak = 849.762 ; gain = 471.965
---------------------------------------------------------------------------------
INFO: [Synth 8-6157] synthesizing module 'GBC' [C:/GitRepos/GBoilerC/Verilog_Sources/GBC.v:23]
INFO: [Synth 8-6157] synthesizing module 'CPU' [C:/GitRepos/GBoilerC/Verilog_Sources/CPU/CPU.v:33]
INFO: [Synth 8-6157] synthesizing module 'Bypass_Register' [C:/GitRepos/GBoilerC/Verilog_Sources/CPU/Bypass_Register.v:23]
INFO: [Synth 8-6157] synthesizing module 'Register' [C:/GitRepos/GBoilerC/Verilog_Sources/CPU/Register.v:23]
	Parameter SIZE bound to: 8 - type: integer 
	Parameter INITIAL bound to: 0 - type: integer 
INFO: [Synth 8-6155] done synthesizing module 'Register' (0#1) [C:/GitRepos/GBoilerC/Verilog_Sources/CPU/Register.v:23]
INFO: [Synth 8-6155] done synthesizing module 'Bypass_Register' (0#1) [C:/GitRepos/GBoilerC/Verilog_Sources/CPU/Bypass_Register.v:23]
INFO: [Synth 8-6157] synthesizing module 'Pipeline_Register' [C:/GitRepos/GBoilerC/Verilog_Sources/CPU/Pipeline_Register.v:23]
INFO: [Synth 8-6155] done synthesizing module 'Pipeline_Register' (0#1) [C:/GitRepos/GBoilerC/Verilog_Sources/CPU/Pipeline_Register.v:23]
INFO: [Synth 8-6157] synthesizing module 'Pipeline_Register__parameterized0' [C:/GitRepos/GBoilerC/Verilog_Sources/CPU/Pipeline_Register.v:23]
	Parameter SIZE bound to: 16 - type: integer 
INFO: [Synth 8-6155] done synthesizing module 'Pipeline_Register__parameterized0' (0#1) [C:/GitRepos/GBoilerC/Verilog_Sources/CPU/Pipeline_Register.v:23]
INFO: [Synth 8-6157] synthesizing module 'Register_File' [C:/GitRepos/GBoilerC/Verilog_Sources/CPU/Register_File.v:24]
INFO: [Synth 8-6157] synthesizing module 'Bypass_Register__parameterized0' [C:/GitRepos/GBoilerC/Verilog_Sources/CPU/Bypass_Register.v:23]
	Parameter SIZE bound to: 16 - type: integer 
INFO: [Synth 8-6157] synthesizing module 'Register__parameterized0' [C:/GitRepos/GBoilerC/Verilog_Sources/CPU/Register.v:23]
	Parameter SIZE bound to: 16 - type: integer 
	Parameter INITIAL bound to: 0 - type: integer 
INFO: [Synth 8-6155] done synthesizing module 'Register__parameterized0' (0#1) [C:/GitRepos/GBoilerC/Verilog_Sources/CPU/Register.v:23]
INFO: [Synth 8-6155] done synthesizing module 'Bypass_Register__parameterized0' (0#1) [C:/GitRepos/GBoilerC/Verilog_Sources/CPU/Bypass_Register.v:23]
INFO: [Synth 8-6155] done synthesizing module 'Register_File' (0#1) [C:/GitRepos/GBoilerC/Verilog_Sources/CPU/Register_File.v:24]
INFO: [Synth 8-6157] synthesizing module 'ALU' [C:/GitRepos/GBoilerC/Verilog_Sources/CPU/ALUs/ALU.v:28]
INFO: [Synth 8-6157] synthesizing module 'Register__parameterized1' [C:/GitRepos/GBoilerC/Verilog_Sources/CPU/Register.v:23]
INFO: [Synth 8-6155] done synthesizing module 'Register__parameterized1' (0#1) [C:/GitRepos/GBoilerC/Verilog_Sources/CPU/Register.v:23]
INFO: [Synth 8-6157] synthesizing module 'Register__parameterized2' [C:/GitRepos/GBoilerC/Verilog_Sources/CPU/Register.v:23]
	Parameter SIZE bound to: 4 - type: integer 
INFO: [Synth 8-6155] done synthesizing module 'Register__parameterized2' (0#1) [C:/GitRepos/GBoilerC/Verilog_Sources/CPU/Register.v:23]
INFO: [Synth 8-6157] synthesizing module 'Main_ALU' [C:/GitRepos/GBoilerC/Verilog_Sources/CPU/ALUs/Main_ALU.v:24]
INFO: [Synth 8-6157] synthesizing module 'Adder8' [C:/GitRepos/GBoilerC/Verilog_Sources/CPU/ALUs/Adder8.v:23]
INFO: [Synth 8-6155] done synthesizing module 'Adder8' (0#1) [C:/GitRepos/GBoilerC/Verilog_Sources/CPU/ALUs/Adder8.v:23]
INFO: [Synth 8-6155] done synthesizing module 'Main_ALU' (0#1) [C:/GitRepos/GBoilerC/Verilog_Sources/CPU/ALUs/Main_ALU.v:24]
INFO: [Synth 8-6157] synthesizing module 'Incrementer_8Bit' [C:/GitRepos/GBoilerC/Verilog_Sources/CPU/ALUs/Incrementer_8Bit.v:23]
INFO: [Synth 8-6155] done synthesizing module 'Incrementer_8Bit' (0#1) [C:/GitRepos/GBoilerC/Verilog_Sources/CPU/ALUs/Incrementer_8Bit.v:23]
INFO: [Synth 8-6157] synthesizing module 'Logic_Unit' [C:/GitRepos/GBoilerC/Verilog_Sources/CPU/ALUs/Logic_Unit.v:23]
INFO: [Synth 8-6155] done synthesizing module 'Logic_Unit' (0#1) [C:/GitRepos/GBoilerC/Verilog_Sources/CPU/ALUs/Logic_Unit.v:23]
INFO: [Synth 8-6157] synthesizing module 'Misc_ALU' [C:/GitRepos/GBoilerC/Verilog_Sources/CPU/ALUs/Misc_ALU.v:24]
INFO: [Synth 8-6157] synthesizing module 'DAA' [C:/GitRepos/GBoilerC/Verilog_Sources/CPU/ALUs/DAA.v:23]
INFO: [Synth 8-6155] done synthesizing module 'DAA' (0#1) [C:/GitRepos/GBoilerC/Verilog_Sources/CPU/ALUs/DAA.v:23]
INFO: [Synth 8-6155] done synthesizing module 'Misc_ALU' (0#1) [C:/GitRepos/GBoilerC/Verilog_Sources/CPU/ALUs/Misc_ALU.v:24]
INFO: [Synth 8-6155] done synthesizing module 'ALU' (0#1) [C:/GitRepos/GBoilerC/Verilog_Sources/CPU/ALUs/ALU.v:28]
INFO: [Synth 8-6157] synthesizing module 'Add16_r8' [C:/GitRepos/GBoilerC/Verilog_Sources/CPU/Bit16/Add16_r8.v:27]
INFO: [Synth 8-6155] done synthesizing module 'Add16_r8' (0#1) [C:/GitRepos/GBoilerC/Verilog_Sources/CPU/Bit16/Add16_r8.v:27]
INFO: [Synth 8-6157] synthesizing module 'Incrementer_16bit' [C:/GitRepos/GBoilerC/Verilog_Sources/CPU/Bit16/Incrementer_16bit.v:23]
INFO: [Synth 8-6155] done synthesizing module 'Incrementer_16bit' (0#1) [C:/GitRepos/GBoilerC/Verilog_Sources/CPU/Bit16/Incrementer_16bit.v:23]
INFO: [Synth 8-6157] synthesizing module 'Adder16' [C:/GitRepos/GBoilerC/Verilog_Sources/CPU/Bit16/Adder16.v:23]
INFO: [Synth 8-6155] done synthesizing module 'Adder16' (0#1) [C:/GitRepos/GBoilerC/Verilog_Sources/CPU/Bit16/Adder16.v:23]
INFO: [Synth 8-6157] synthesizing module 'ControlUnit' [C:/GitRepos/GBoilerC/Verilog_Sources/CPU/ControlUnit/ControlUnit.v:34]
INFO: [Synth 8-6157] synthesizing module 'CU_Clock' [C:/GitRepos/GBoilerC/Verilog_Sources/CPU/ControlUnit/CU_Clock.v:23]
INFO: [Synth 8-6155] done synthesizing module 'CU_Clock' (0#1) [C:/GitRepos/GBoilerC/Verilog_Sources/CPU/ControlUnit/CU_Clock.v:23]
INFO: [Synth 8-6157] synthesizing module 'Decoder' [C:/GitRepos/GBoilerC/Verilog_Sources/Generics/Decoder.v:23]
	Parameter SIZE bound to: 4 - type: integer 
INFO: [Synth 8-6155] done synthesizing module 'Decoder' (0#1) [C:/GitRepos/GBoilerC/Verilog_Sources/Generics/Decoder.v:23]
INFO: [Synth 8-6157] synthesizing module 'Decoder__parameterized0' [C:/GitRepos/GBoilerC/Verilog_Sources/Generics/Decoder.v:23]
	Parameter SIZE bound to: 8 - type: integer 
INFO: [Synth 8-6155] done synthesizing module 'Decoder__parameterized0' (0#1) [C:/GitRepos/GBoilerC/Verilog_Sources/Generics/Decoder.v:23]
INFO: [Synth 8-6157] synthesizing module 'NOP_Microcode' [C:/GitRepos/GBoilerC/Verilog_Sources/CPU/ControlUnit/Microcode/NOP_Microcode.v:23]
INFO: [Synth 8-6155] done synthesizing module 'NOP_Microcode' (0#1) [C:/GitRepos/GBoilerC/Verilog_Sources/CPU/ControlUnit/Microcode/NOP_Microcode.v:23]
INFO: [Synth 8-6157] synthesizing module 'Decoder__parameterized1' [C:/GitRepos/GBoilerC/Verilog_Sources/Generics/Decoder.v:23]
	Parameter SIZE bound to: 2 - type: integer 
INFO: [Synth 8-6155] done synthesizing module 'Decoder__parameterized1' (0#1) [C:/GitRepos/GBoilerC/Verilog_Sources/Generics/Decoder.v:23]
INFO: [Synth 8-6157] synthesizing module 'X0' [C:/GitRepos/GBoilerC/Verilog_Sources/CPU/ControlUnit/X0.v:31]
INFO: [Synth 8-6157] synthesizing module 'LDa16SP_Microcode' [C:/GitRepos/GBoilerC/Verilog_Sources/CPU/ControlUnit/Microcode/LDa16SP_Microcode.v:23]
INFO: [Synth 8-6155] done synthesizing module 'LDa16SP_Microcode' (0#1) [C:/GitRepos/GBoilerC/Verilog_Sources/CPU/ControlUnit/Microcode/LDa16SP_Microcode.v:23]
INFO: [Synth 8-6157] synthesizing module 'LDrpd16_Microcode' [C:/GitRepos/GBoilerC/Verilog_Sources/CPU/ControlUnit/Microcode/LDrpd16_Microcode.v:23]
INFO: [Synth 8-6155] done synthesizing module 'LDrpd16_Microcode' (0#1) [C:/GitRepos/GBoilerC/Verilog_Sources/CPU/ControlUnit/Microcode/LDrpd16_Microcode.v:23]
INFO: [Synth 8-6157] synthesizing module 'JRs8_Microcode' [C:/GitRepos/GBoilerC/Verilog_Sources/CPU/ControlUnit/Microcode/JRs8_Microcode.v:23]
INFO: [Synth 8-6155] done synthesizing module 'JRs8_Microcode' (0#1) [C:/GitRepos/GBoilerC/Verilog_Sources/CPU/ControlUnit/Microcode/JRs8_Microcode.v:23]
INFO: [Synth 8-6157] synthesizing module 'ADDHLrp_Microcode' [C:/GitRepos/GBoilerC/Verilog_Sources/CPU/ControlUnit/Microcode/ADDHLrp_Microcode.v:23]
INFO: [Synth 8-6155] done synthesizing module 'ADDHLrp_Microcode' (0#1) [C:/GitRepos/GBoilerC/Verilog_Sources/CPU/ControlUnit/Microcode/ADDHLrp_Microcode.v:23]
INFO: [Synth 8-6157] synthesizing module 'LDrp3pA_Microcode' [C:/GitRepos/GBoilerC/Verilog_Sources/CPU/ControlUnit/Microcode/LDrp3pA_Microcode.v:23]
INFO: [Synth 8-6155] done synthesizing module 'LDrp3pA_Microcode' (0#1) [C:/GitRepos/GBoilerC/Verilog_Sources/CPU/ControlUnit/Microcode/LDrp3pA_Microcode.v:23]
INFO: [Synth 8-6157] synthesizing module 'INCDECrpp_Microcode' [C:/GitRepos/GBoilerC/Verilog_Sources/CPU/ControlUnit/Microcode/INCDECrpp_Microcode.v:23]
INFO: [Synth 8-6155] done synthesizing module 'INCDECrpp_Microcode' (0#1) [C:/GitRepos/GBoilerC/Verilog_Sources/CPU/ControlUnit/Microcode/INCDECrpp_Microcode.v:23]
INFO: [Synth 8-6157] synthesizing module 'INCDECry_Microcode' [C:/GitRepos/GBoilerC/Verilog_Sources/CPU/ControlUnit/Microcode/INCDECry_Microcode.v:23]
INFO: [Synth 8-6155] done synthesizing module 'INCDECry_Microcode' (0#1) [C:/GitRepos/GBoilerC/Verilog_Sources/CPU/ControlUnit/Microcode/INCDECry_Microcode.v:23]
INFO: [Synth 8-6157] synthesizing module 'LDryd8_Microcode' [C:/GitRepos/GBoilerC/Verilog_Sources/CPU/ControlUnit/Microcode/LDryd8_Microcode.v:23]
INFO: [Synth 8-6155] done synthesizing module 'LDryd8_Microcode' (0#1) [C:/GitRepos/GBoilerC/Verilog_Sources/CPU/ControlUnit/Microcode/LDryd8_Microcode.v:23]
INFO: [Synth 8-6157] synthesizing module 'MiscALU_Microcode' [C:/GitRepos/GBoilerC/Verilog_Sources/CPU/ControlUnit/Microcode/MiscALU_Microcode.v:23]
INFO: [Synth 8-6155] done synthesizing module 'MiscALU_Microcode' (0#1) [C:/GitRepos/GBoilerC/Verilog_Sources/CPU/ControlUnit/Microcode/MiscALU_Microcode.v:23]
INFO: [Synth 8-6155] done synthesizing module 'X0' (0#1) [C:/GitRepos/GBoilerC/Verilog_Sources/CPU/ControlUnit/X0.v:31]
INFO: [Synth 8-6157] synthesizing module 'X1' [C:/GitRepos/GBoilerC/Verilog_Sources/CPU/ControlUnit/X1.v:23]
INFO: [Synth 8-6155] done synthesizing module 'X1' (0#1) [C:/GitRepos/GBoilerC/Verilog_Sources/CPU/ControlUnit/X1.v:23]
INFO: [Synth 8-6157] synthesizing module 'X2' [C:/GitRepos/GBoilerC/Verilog_Sources/CPU/ControlUnit/X2.v:23]
INFO: [Synth 8-6155] done synthesizing module 'X2' (0#1) [C:/GitRepos/GBoilerC/Verilog_Sources/CPU/ControlUnit/X2.v:23]
INFO: [Synth 8-6157] synthesizing module 'X3' [C:/GitRepos/GBoilerC/Verilog_Sources/CPU/ControlUnit/X3.v:34]
INFO: [Synth 8-6157] synthesizing module 'RET_Microcode' [C:/GitRepos/GBoilerC/Verilog_Sources/CPU/ControlUnit/Microcode/RET_Microcode.v:23]
INFO: [Synth 8-6155] done synthesizing module 'RET_Microcode' (0#1) [C:/GitRepos/GBoilerC/Verilog_Sources/CPU/ControlUnit/Microcode/RET_Microcode.v:23]
INFO: [Synth 8-6157] synthesizing module 'LDca8A_Microcode' [C:/GitRepos/GBoilerC/Verilog_Sources/CPU/ControlUnit/Microcode/LDca8A_Microcode.v:23]
INFO: [Synth 8-6155] done synthesizing module 'LDca8A_Microcode' (0#1) [C:/GitRepos/GBoilerC/Verilog_Sources/CPU/ControlUnit/Microcode/LDca8A_Microcode.v:23]
INFO: [Synth 8-6157] synthesizing module 'ADDSPs8_Microcode' [C:/GitRepos/GBoilerC/Verilog_Sources/CPU/ControlUnit/Microcode/ADDSPs8_Microcode.v:23]
INFO: [Synth 8-6155] done synthesizing module 'ADDSPs8_Microcode' (0#1) [C:/GitRepos/GBoilerC/Verilog_Sources/CPU/ControlUnit/Microcode/ADDSPs8_Microcode.v:23]
INFO: [Synth 8-6157] synthesizing module 'POP_Microcode' [C:/GitRepos/GBoilerC/Verilog_Sources/CPU/ControlUnit/Microcode/POP_Microcode.v:23]
INFO: [Synth 8-6155] done synthesizing module 'POP_Microcode' (0#1) [C:/GitRepos/GBoilerC/Verilog_Sources/CPU/ControlUnit/Microcode/POP_Microcode.v:23]
INFO: [Synth 8-6157] synthesizing module 'LDPCSP_HL_Microcode' [C:/GitRepos/GBoilerC/Verilog_Sources/CPU/ControlUnit/Microcode/LDPCSP_HL_Microcode.v:23]
INFO: [Synth 8-6155] done synthesizing module 'LDPCSP_HL_Microcode' (0#1) [C:/GitRepos/GBoilerC/Verilog_Sources/CPU/ControlUnit/Microcode/LDPCSP_HL_Microcode.v:23]
INFO: [Synth 8-6157] synthesizing module 'JP_a16_Microcode' [C:/GitRepos/GBoilerC/Verilog_Sources/CPU/ControlUnit/Microcode/JP_a16_Microcode.v:23]
INFO: [Synth 8-6155] done synthesizing module 'JP_a16_Microcode' (0#1) [C:/GitRepos/GBoilerC/Verilog_Sources/CPU/ControlUnit/Microcode/JP_a16_Microcode.v:23]
INFO: [Synth 8-6157] synthesizing module 'LDa16A_Microcode' [C:/GitRepos/GBoilerC/Verilog_Sources/CPU/ControlUnit/Microcode/LDa16A_Microcode.v:23]
INFO: [Synth 8-6155] done synthesizing module 'LDa16A_Microcode' (0#1) [C:/GitRepos/GBoilerC/Verilog_Sources/CPU/ControlUnit/Microcode/LDa16A_Microcode.v:23]
INFO: [Synth 8-6157] synthesizing module 'CALL_Microcode' [C:/GitRepos/GBoilerC/Verilog_Sources/CPU/ControlUnit/Microcode/CALL_Microcode.v:23]
INFO: [Synth 8-6155] done synthesizing module 'CALL_Microcode' (0#1) [C:/GitRepos/GBoilerC/Verilog_Sources/CPU/ControlUnit/Microcode/CALL_Microcode.v:23]
INFO: [Synth 8-6157] synthesizing module 'PUSH_Microcode' [C:/GitRepos/GBoilerC/Verilog_Sources/CPU/ControlUnit/Microcode/PUSH_Microcode.v:23]
INFO: [Synth 8-6155] done synthesizing module 'PUSH_Microcode' (0#1) [C:/GitRepos/GBoilerC/Verilog_Sources/CPU/ControlUnit/Microcode/PUSH_Microcode.v:23]
INFO: [Synth 8-6157] synthesizing module 'ALU_d8_Microcode' [C:/GitRepos/GBoilerC/Verilog_Sources/CPU/ControlUnit/Microcode/ALU_d8_Microcode.v:23]
INFO: [Synth 8-6155] done synthesizing module 'ALU_d8_Microcode' (0#1) [C:/GitRepos/GBoilerC/Verilog_Sources/CPU/ControlUnit/Microcode/ALU_d8_Microcode.v:23]
INFO: [Synth 8-6157] synthesizing module 'RST_Microcode' [C:/GitRepos/GBoilerC/Verilog_Sources/CPU/ControlUnit/Microcode/RST_Microcode.v:23]
INFO: [Synth 8-6155] done synthesizing module 'RST_Microcode' (0#1) [C:/GitRepos/GBoilerC/Verilog_Sources/CPU/ControlUnit/Microcode/RST_Microcode.v:23]
INFO: [Synth 8-6155] done synthesizing module 'X3' (0#1) [C:/GitRepos/GBoilerC/Verilog_Sources/CPU/ControlUnit/X3.v:34]
INFO: [Synth 8-6157] synthesizing module 'Interrupt_Address' [C:/GitRepos/GBoilerC/Verilog_Sources/CPU/ControlUnit/Interrupt_Address.v:25]
INFO: [Synth 8-6157] synthesizing module 'LowestSetBit' [C:/GitRepos/GBoilerC/Verilog_Sources/Generics/LowestSetBit.v:23]
	Parameter SIZE bound to: 5 - type: integer 
INFO: [Synth 8-6155] done synthesizing module 'LowestSetBit' (0#1) [C:/GitRepos/GBoilerC/Verilog_Sources/Generics/LowestSetBit.v:23]
INFO: [Synth 8-6155] done synthesizing module 'Interrupt_Address' (0#1) [C:/GitRepos/GBoilerC/Verilog_Sources/CPU/ControlUnit/Interrupt_Address.v:25]
INFO: [Synth 8-6157] synthesizing module 'Interrupt_Microcode' [C:/GitRepos/GBoilerC/Verilog_Sources/CPU/ControlUnit/Microcode/Interrupt_Microcode.v:23]
INFO: [Synth 8-6155] done synthesizing module 'Interrupt_Microcode' (0#1) [C:/GitRepos/GBoilerC/Verilog_Sources/CPU/ControlUnit/Microcode/Interrupt_Microcode.v:23]
INFO: [Synth 8-6157] synthesizing module 'CB_Microcode' [C:/GitRepos/GBoilerC/Verilog_Sources/CPU/ControlUnit/Microcode/CB_Microcode.v:23]
INFO: [Synth 8-6155] done synthesizing module 'CB_Microcode' (0#1) [C:/GitRepos/GBoilerC/Verilog_Sources/CPU/ControlUnit/Microcode/CB_Microcode.v:23]
INFO: [Synth 8-6155] done synthesizing module 'ControlUnit' (0#1) [C:/GitRepos/GBoilerC/Verilog_Sources/CPU/ControlUnit/ControlUnit.v:34]
INFO: [Synth 8-6155] done synthesizing module 'CPU' (0#1) [C:/GitRepos/GBoilerC/Verilog_Sources/CPU/CPU.v:33]
INFO: [Synth 8-6157] synthesizing module 'High_Ram' [C:/GitRepos/GBoilerC/Verilog_Sources/High_Ram.v:23]
INFO: [Synth 8-6155] done synthesizing module 'High_Ram' (0#1) [C:/GitRepos/GBoilerC/Verilog_Sources/High_Ram.v:23]
INFO: [Synth 8-6157] synthesizing module 'Interrupt_Controller' [C:/GitRepos/GBoilerC/Verilog_Sources/Interrupt_Controller.v:23]
INFO: [Synth 8-6155] done synthesizing module 'Interrupt_Controller' (0#1) [C:/GitRepos/GBoilerC/Verilog_Sources/Interrupt_Controller.v:23]
INFO: [Synth 8-6157] synthesizing module 'CART_Controller' [C:/GitRepos/GBoilerC/Verilog_Sources/Memory_Controllers/CART_Controller.v:23]
INFO: [Synth 8-6157] synthesizing module 'IOBUF' [C:/Xilinx/Vivado/2024.2/scripts/rt/data/unisim_comp.v:80391]
INFO: [Synth 8-6155] done synthesizing module 'IOBUF' (0#1) [C:/Xilinx/Vivado/2024.2/scripts/rt/data/unisim_comp.v:80391]
INFO: [Synth 8-6155] done synthesizing module 'CART_Controller' (0#1) [C:/GitRepos/GBoilerC/Verilog_Sources/Memory_Controllers/CART_Controller.v:23]
INFO: [Synth 8-6157] synthesizing module 'WRAM_Controller' [C:/GitRepos/GBoilerC/Verilog_Sources/Memory_Controllers/WRAM_Controller.v:23]
INFO: [Synth 8-6155] done synthesizing module 'WRAM_Controller' (0#1) [C:/GitRepos/GBoilerC/Verilog_Sources/Memory_Controllers/WRAM_Controller.v:23]
INFO: [Synth 8-6157] synthesizing module 'OAM_LastPage_Controller' [C:/GitRepos/GBoilerC/Verilog_Sources/Memory_Controllers/OAM_LastPage_Controller.v:23]
INFO: [Synth 8-6155] done synthesizing module 'OAM_LastPage_Controller' (0#1) [C:/GitRepos/GBoilerC/Verilog_Sources/Memory_Controllers/OAM_LastPage_Controller.v:23]
INFO: [Synth 8-6157] synthesizing module 'Memory_Map' [C:/GitRepos/GBoilerC/Verilog_Sources/Memory_Controllers/Memory_Map.v:23]
INFO: [Synth 8-6155] done synthesizing module 'Memory_Map' (0#1) [C:/GitRepos/GBoilerC/Verilog_Sources/Memory_Controllers/Memory_Map.v:23]
INFO: [Synth 8-6155] done synthesizing module 'GBC' (0#1) [C:/GitRepos/GBoilerC/Verilog_Sources/GBC.v:23]
WARNING: [Synth 8-7137] Register saved_address_reg in module OAM_LastPage_Controller has both Set and reset with same priority. This may cause simulation mismatches. Consider rewriting code  [C:/GitRepos/GBoilerC/Verilog_Sources/Memory_Controllers/OAM_LastPage_Controller.v:46]
WARNING: [Synth 8-3848] Net CART_data_in in module/entity GBC does not have driver. [C:/GitRepos/GBoilerC/Verilog_Sources/GBC.v:110]
WARNING: [Synth 8-3848] Net interrupt_signals in module/entity GBC does not have driver. [C:/GitRepos/GBoilerC/Verilog_Sources/GBC.v:85]
WARNING: [Synth 8-7129] Port i_Cycle_Count[7] in module CB_Microcode is either unconnected or has no load
WARNING: [Synth 8-7129] Port i_Cycle_Count[6] in module CB_Microcode is either unconnected or has no load
WARNING: [Synth 8-7129] Port i_Cycle_Count[5] in module CB_Microcode is either unconnected or has no load
WARNING: [Synth 8-7129] Port i_Cycle_Count[4] in module CB_Microcode is either unconnected or has no load
WARNING: [Synth 8-7129] Port i_Cycle_Count[3] in module CB_Microcode is either unconnected or has no load
WARNING: [Synth 8-7129] Port i_Cycle_Count[7] in module Interrupt_Microcode is either unconnected or has no load
WARNING: [Synth 8-7129] Port i_Cycle_Count[6] in module Interrupt_Microcode is either unconnected or has no load
WARNING: [Synth 8-7129] Port i_Cycle_Count[5] in module Interrupt_Microcode is either unconnected or has no load
WARNING: [Synth 8-7129] Port i_Cycle_Count[4] in module Interrupt_Microcode is either unconnected or has no load
WARNING: [Synth 8-7129] Port i_Cycle_Count[7] in module RST_Microcode is either unconnected or has no load
WARNING: [Synth 8-7129] Port i_Cycle_Count[6] in module RST_Microcode is either unconnected or has no load
WARNING: [Synth 8-7129] Port i_Cycle_Count[5] in module RST_Microcode is either unconnected or has no load
WARNING: [Synth 8-7129] Port i_Cycle_Count[4] in module RST_Microcode is either unconnected or has no load
WARNING: [Synth 8-7129] Port i_Cycle_Step[3] in module ALU_d8_Microcode is either unconnected or has no load
WARNING: [Synth 8-7129] Port i_Cycle_Count[7] in module ALU_d8_Microcode is either unconnected or has no load
WARNING: [Synth 8-7129] Port i_Cycle_Count[6] in module ALU_d8_Microcode is either unconnected or has no load
WARNING: [Synth 8-7129] Port i_Cycle_Count[5] in module ALU_d8_Microcode is either unconnected or has no load
WARNING: [Synth 8-7129] Port i_Cycle_Count[4] in module ALU_d8_Microcode is either unconnected or has no load
WARNING: [Synth 8-7129] Port i_Cycle_Count[3] in module ALU_d8_Microcode is either unconnected or has no load
WARNING: [Synth 8-7129] Port i_Cycle_Count[2] in module ALU_d8_Microcode is either unconnected or has no load
WARNING: [Synth 8-7129] Port i_Cycle_Count[7] in module PUSH_Microcode is either unconnected or has no load
WARNING: [Synth 8-7129] Port i_Cycle_Count[6] in module PUSH_Microcode is either unconnected or has no load
WARNING: [Synth 8-7129] Port i_Cycle_Count[5] in module PUSH_Microcode is either unconnected or has no load
WARNING: [Synth 8-7129] Port i_Cycle_Count[4] in module PUSH_Microcode is either unconnected or has no load
WARNING: [Synth 8-7129] Port i_Cycle_Count[7] in module CALL_Microcode is either unconnected or has no load
WARNING: [Synth 8-7129] Port i_Cycle_Count[6] in module CALL_Microcode is either unconnected or has no load
WARNING: [Synth 8-7129] Port i_Always in module CALL_Microcode is either unconnected or has no load
WARNING: [Synth 8-7129] Port i_Cycle_Step[3] in module LDa16A_Microcode is either unconnected or has no load
WARNING: [Synth 8-7129] Port i_Cycle_Step[2] in module LDa16A_Microcode is either unconnected or has no load
WARNING: [Synth 8-7129] Port i_Cycle_Count[7] in module LDa16A_Microcode is either unconnected or has no load
WARNING: [Synth 8-7129] Port i_Cycle_Count[6] in module LDa16A_Microcode is either unconnected or has no load
WARNING: [Synth 8-7129] Port i_Cycle_Count[5] in module LDa16A_Microcode is either unconnected or has no load
WARNING: [Synth 8-7129] Port i_Cycle_Count[4] in module LDa16A_Microcode is either unconnected or has no load
WARNING: [Synth 8-7129] Port i_Cycle_Step[3] in module JP_a16_Microcode is either unconnected or has no load
WARNING: [Synth 8-7129] Port i_Cycle_Step[2] in module JP_a16_Microcode is either unconnected or has no load
WARNING: [Synth 8-7129] Port i_Cycle_Count[7] in module JP_a16_Microcode is either unconnected or has no load
WARNING: [Synth 8-7129] Port i_Cycle_Count[6] in module JP_a16_Microcode is either unconnected or has no load
WARNING: [Synth 8-7129] Port i_Cycle_Count[5] in module JP_a16_Microcode is either unconnected or has no load
WARNING: [Synth 8-7129] Port i_Cycle_Count[4] in module JP_a16_Microcode is either unconnected or has no load
WARNING: [Synth 8-7129] Port i_Cycle_Count[7] in module LDPCSP_HL_Microcode is either unconnected or has no load
WARNING: [Synth 8-7129] Port i_Cycle_Count[6] in module LDPCSP_HL_Microcode is either unconnected or has no load
WARNING: [Synth 8-7129] Port i_Cycle_Count[5] in module LDPCSP_HL_Microcode is either unconnected or has no load
WARNING: [Synth 8-7129] Port i_Cycle_Count[4] in module LDPCSP_HL_Microcode is either unconnected or has no load
WARNING: [Synth 8-7129] Port i_Cycle_Count[3] in module LDPCSP_HL_Microcode is either unconnected or has no load
WARNING: [Synth 8-7129] Port i_Cycle_Count[2] in module LDPCSP_HL_Microcode is either unconnected or has no load
WARNING: [Synth 8-7129] Port i_Cycle_Count[0] in module LDPCSP_HL_Microcode is either unconnected or has no load
WARNING: [Synth 8-7129] Port i_Cycle_Step[3] in module POP_Microcode is either unconnected or has no load
WARNING: [Synth 8-7129] Port i_Cycle_Step[2] in module POP_Microcode is either unconnected or has no load
WARNING: [Synth 8-7129] Port i_Cycle_Count[7] in module POP_Microcode is either unconnected or has no load
WARNING: [Synth 8-7129] Port i_Cycle_Count[6] in module POP_Microcode is either unconnected or has no load
WARNING: [Synth 8-7129] Port i_Cycle_Count[5] in module POP_Microcode is either unconnected or has no load
WARNING: [Synth 8-7129] Port i_Cycle_Count[4] in module POP_Microcode is either unconnected or has no load
WARNING: [Synth 8-7129] Port i_Cycle_Count[3] in module POP_Microcode is either unconnected or has no load
WARNING: [Synth 8-7129] Port i_Cycle_Step[3] in module ADDSPs8_Microcode is either unconnected or has no load
WARNING: [Synth 8-7129] Port i_Cycle_Count[7] in module ADDSPs8_Microcode is either unconnected or has no load
WARNING: [Synth 8-7129] Port i_Cycle_Count[6] in module ADDSPs8_Microcode is either unconnected or has no load
WARNING: [Synth 8-7129] Port i_Cycle_Count[5] in module ADDSPs8_Microcode is either unconnected or has no load
WARNING: [Synth 8-7129] Port i_Cycle_Count[4] in module ADDSPs8_Microcode is either unconnected or has no load
WARNING: [Synth 8-7129] Port i_Cycle_Step[3] in module LDca8A_Microcode is either unconnected or has no load
WARNING: [Synth 8-7129] Port i_Cycle_Step[2] in module LDca8A_Microcode is either unconnected or has no load
WARNING: [Synth 8-7129] Port i_Cycle_Count[7] in module LDca8A_Microcode is either unconnected or has no load
WARNING: [Synth 8-7129] Port i_Cycle_Count[6] in module LDca8A_Microcode is either unconnected or has no load
WARNING: [Synth 8-7129] Port i_Cycle_Count[5] in module LDca8A_Microcode is either unconnected or has no load
WARNING: [Synth 8-7129] Port i_Cycle_Count[4] in module LDca8A_Microcode is either unconnected or has no load
WARNING: [Synth 8-7129] Port i_Cycle_Count[3] in module LDca8A_Microcode is either unconnected or has no load
WARNING: [Synth 8-7129] Port i_Cycle_Count[7] in module RET_Microcode is either unconnected or has no load
WARNING: [Synth 8-7129] Port i_Cycle_Count[6] in module RET_Microcode is either unconnected or has no load
WARNING: [Synth 8-7129] Port i_Cycle_Count[5] in module RET_Microcode is either unconnected or has no load
WARNING: [Synth 8-7129] Port i_Opcode[7] in module X3 is either unconnected or has no load
WARNING: [Synth 8-7129] Port i_Opcode[6] in module X3 is either unconnected or has no load
WARNING: [Synth 8-7129] Port i_Opcode[2] in module X3 is either unconnected or has no load
WARNING: [Synth 8-7129] Port i_Opcode[1] in module X3 is either unconnected or has no load
WARNING: [Synth 8-7129] Port i_Opcode[0] in module X3 is either unconnected or has no load
WARNING: [Synth 8-7129] Port i_Y[5] in module X3 is either unconnected or has no load
WARNING: [Synth 8-7129] Port i_Y[4] in module X3 is either unconnected or has no load
WARNING: [Synth 8-7129] Port i_Cycle_Step[3] in module X2 is either unconnected or has no load
WARNING: [Synth 8-7129] Port i_Cycle_Count[7] in module X2 is either unconnected or has no load
WARNING: [Synth 8-7129] Port i_Cycle_Count[6] in module X2 is either unconnected or has no load
WARNING: [Synth 8-7129] Port i_Cycle_Count[5] in module X2 is either unconnected or has no load
WARNING: [Synth 8-7129] Port i_Cycle_Count[4] in module X2 is either unconnected or has no load
WARNING: [Synth 8-7129] Port i_Cycle_Count[3] in module X2 is either unconnected or has no load
WARNING: [Synth 8-7129] Port i_Cycle_Count[2] in module X2 is either unconnected or has no load
WARNING: [Synth 8-7129] Port i_Cycle_Count[7] in module X1 is either unconnected or has no load
WARNING: [Synth 8-7129] Port i_Cycle_Count[6] in module X1 is either unconnected or has no load
WARNING: [Synth 8-7129] Port i_Cycle_Count[5] in module X1 is either unconnected or has no load
WARNING: [Synth 8-7129] Port i_Cycle_Count[4] in module X1 is either unconnected or has no load
WARNING: [Synth 8-7129] Port i_Cycle_Count[3] in module X1 is either unconnected or has no load
WARNING: [Synth 8-7129] Port i_Cycle_Count[2] in module X1 is either unconnected or has no load
WARNING: [Synth 8-7129] Port i_Cycle_Step[3] in module MiscALU_Microcode is either unconnected or has no load
WARNING: [Synth 8-7129] Port i_Cycle_Step[0] in module MiscALU_Microcode is either unconnected or has no load
WARNING: [Synth 8-7129] Port i_Cycle_Step[3] in module LDryd8_Microcode is either unconnected or has no load
WARNING: [Synth 8-7129] Port i_Cycle_Step[2] in module LDryd8_Microcode is either unconnected or has no load
WARNING: [Synth 8-7129] Port i_Cycle_Count[7] in module LDryd8_Microcode is either unconnected or has no load
WARNING: [Synth 8-7129] Port i_Cycle_Count[6] in module LDryd8_Microcode is either unconnected or has no load
WARNING: [Synth 8-7129] Port i_Cycle_Count[5] in module LDryd8_Microcode is either unconnected or has no load
WARNING: [Synth 8-7129] Port i_Cycle_Count[4] in module LDryd8_Microcode is either unconnected or has no load
WARNING: [Synth 8-7129] Port i_Cycle_Count[3] in module LDryd8_Microcode is either unconnected or has no load
WARNING: [Synth 8-7129] Port i_Cycle_Step[3] in module INCDECry_Microcode is either unconnected or has no load
WARNING: [Synth 8-7129] Port i_Cycle_Count[7] in module INCDECry_Microcode is either unconnected or has no load
WARNING: [Synth 8-7129] Port i_Cycle_Count[6] in module INCDECry_Microcode is either unconnected or has no load
INFO: [Common 17-14] Message 'Synth 8-7129' appears 100 times and further instances of the messages will be disabled. Use the Tcl command set_msg_config to change the current settings.
---------------------------------------------------------------------------------
Finished Synthesize : Time (s): cpu = 00:00:12 ; elapsed = 00:00:14 . Memory (MB): peak = 973.555 ; gain = 595.758
---------------------------------------------------------------------------------
---------------------------------------------------------------------------------
Finished Constraint Validation : Time (s): cpu = 00:00:14 ; elapsed = 00:00:16 . Memory (MB): peak = 973.555 ; gain = 595.758
---------------------------------------------------------------------------------
---------------------------------------------------------------------------------
Start Loading Part and Timing Information
---------------------------------------------------------------------------------
Loading part: xc7s25csga324-1
---------------------------------------------------------------------------------
Finished Loading Part and Timing Information : Time (s): cpu = 00:00:14 ; elapsed = 00:00:16 . Memory (MB): peak = 973.555 ; gain = 595.758
---------------------------------------------------------------------------------
INFO: [Device 21-403] Loading part xc7s25csga324-1
---------------------------------------------------------------------------------
Finished RTL Optimization Phase 2 : Time (s): cpu = 00:00:15 ; elapsed = 00:00:17 . Memory (MB): peak = 973.555 ; gain = 595.758
---------------------------------------------------------------------------------
No constraint files found.
---------------------------------------------------------------------------------
Start RTL Component Statistics 
---------------------------------------------------------------------------------
Detailed RTL Component Info : 
+---Adders : 
	   2 Input   17 Bit       Adders := 1     
	   3 Input    8 Bit       Adders := 1     
	   3 Input    5 Bit       Adders := 8     
	   2 Input    5 Bit       Adders := 5     
	   3 Input    4 Bit       Adders := 2     
+---XORs : 
	   2 Input      8 Bit         XORs := 5     
	   2 Input      5 Bit         XORs := 2     
	   2 Input      1 Bit         XORs := 6     
+---Registers : 
	               16 Bit    Registers := 6     
	                8 Bit    Registers := 11    
	                5 Bit    Registers := 3     
	                4 Bit    Registers := 1     
	                3 Bit    Registers := 1     
	                1 Bit    Registers := 5     
+---RAMs : 
	             1024 Bit	(128 X 8 bit)          RAMs := 1     
+---Muxes : 
	   2 Input   16 Bit        Muxes := 8     
	   2 Input   15 Bit        Muxes := 1     
	   2 Input    8 Bit        Muxes := 29    
	   2 Input    5 Bit        Muxes := 3     
	   2 Input    4 Bit        Muxes := 8     
	   2 Input    2 Bit        Muxes := 1     
	   2 Input    1 Bit        Muxes := 24    
---------------------------------------------------------------------------------
Finished RTL Component Statistics 
---------------------------------------------------------------------------------
---------------------------------------------------------------------------------
Start Part Resource Summary
---------------------------------------------------------------------------------
Part Resources:
DSPs: 80 (col length:40)
BRAMs: 90 (col length: RAMB18 40 RAMB36 20)
---------------------------------------------------------------------------------
Finished Part Resource Summary
---------------------------------------------------------------------------------
No constraint files found.
---------------------------------------------------------------------------------
Start Cross Boundary and Area Optimization
---------------------------------------------------------------------------------
WARNING: [Synth 8-7080] Parallel synthesis criteria is not met
WARNING: [Synth 8-3917] design GBC has port o_CART_Address[15] driven by constant 0
WARNING: [Synth 8-3917] design GBC has port o_WRAM_Address[14] driven by constant 0
WARNING: [Synth 8-3917] design GBC has port o_WRAM_Address[13] driven by constant 0
---------------------------------------------------------------------------------
Finished Cross Boundary and Area Optimization : Time (s): cpu = 00:01:13 ; elapsed = 00:01:23 . Memory (MB): peak = 1267.398 ; gain = 889.602
---------------------------------------------------------------------------------
---------------------------------------------------------------------------------
Start ROM, RAM, DSP, Shift Register and Retiming Reporting
---------------------------------------------------------------------------------

Distributed RAM: Preliminary Mapping Report (see note below)
+------------+-----------------------+-----------+----------------------+----------------+
|Module Name | RTL Object            | Inference | Size (Depth x Width) | Primitives     | 
+------------+-----------------------+-----------+----------------------+----------------+
|GBC         | high_ram/high_ram_reg | Implied   | 128 x 8              | RAM128X1S x 8  | 
+------------+-----------------------+-----------+----------------------+----------------+

Note: The table above is a preliminary report that shows the Distributed RAMs at the current stage of the synthesis flow. Some Distributed RAMs may be reimplemented as non Distributed RAM primitives later in the synthesis flow. Multiple instantiated RAMs are reported only once.
---------------------------------------------------------------------------------
Finished ROM, RAM, DSP, Shift Register and Retiming Reporting
---------------------------------------------------------------------------------
No constraint files found.
---------------------------------------------------------------------------------
Start Timing Optimization
---------------------------------------------------------------------------------
---------------------------------------------------------------------------------
Finished Timing Optimization : Time (s): cpu = 00:01:16 ; elapsed = 00:01:26 . Memory (MB): peak = 1267.398 ; gain = 889.602
---------------------------------------------------------------------------------
---------------------------------------------------------------------------------
Start ROM, RAM, DSP, Shift Register and Retiming Reporting
---------------------------------------------------------------------------------

Distributed RAM: Final Mapping Report
+------------+-----------------------+-----------+----------------------+----------------+
|Module Name | RTL Object            | Inference | Size (Depth x Width) | Primitives     | 
+------------+-----------------------+-----------+----------------------+----------------+
|GBC         | high_ram/high_ram_reg | Implied   | 128 x 8              | RAM128X1S x 8  | 
+------------+-----------------------+-----------+----------------------+----------------+

---------------------------------------------------------------------------------
Finished ROM, RAM, DSP, Shift Register and Retiming Reporting
---------------------------------------------------------------------------------
---------------------------------------------------------------------------------
Start Technology Mapping
---------------------------------------------------------------------------------
---------------------------------------------------------------------------------
Finished Technology Mapping : Time (s): cpu = 00:01:17 ; elapsed = 00:01:28 . Memory (MB): peak = 1267.398 ; gain = 889.602
---------------------------------------------------------------------------------
---------------------------------------------------------------------------------
Start IO Insertion
---------------------------------------------------------------------------------
---------------------------------------------------------------------------------
Start Flattening Before IO Insertion
---------------------------------------------------------------------------------
---------------------------------------------------------------------------------
Finished Flattening Before IO Insertion
---------------------------------------------------------------------------------
---------------------------------------------------------------------------------
Start Final Netlist Cleanup
---------------------------------------------------------------------------------
---------------------------------------------------------------------------------
Finished Final Netlist Cleanup
---------------------------------------------------------------------------------
---------------------------------------------------------------------------------
Finished IO Insertion : Time (s): cpu = 00:01:25 ; elapsed = 00:01:36 . Memory (MB): peak = 1335.906 ; gain = 958.109
---------------------------------------------------------------------------------
---------------------------------------------------------------------------------
Start Renaming Generated Instances
---------------------------------------------------------------------------------
---------------------------------------------------------------------------------
Finished Renaming Generated Instances : Time (s): cpu = 00:01:25 ; elapsed = 00:01:36 . Memory (MB): peak = 1335.906 ; gain = 958.109
---------------------------------------------------------------------------------
---------------------------------------------------------------------------------
Start Rebuilding User Hierarchy
---------------------------------------------------------------------------------
---------------------------------------------------------------------------------
Finished Rebuilding User Hierarchy : Time (s): cpu = 00:01:25 ; elapsed = 00:01:36 . Memory (MB): peak = 1335.906 ; gain = 958.109
---------------------------------------------------------------------------------
---------------------------------------------------------------------------------
Start Renaming Generated Ports
---------------------------------------------------------------------------------
---------------------------------------------------------------------------------
Finished Renaming Generated Ports : Time (s): cpu = 00:01:25 ; elapsed = 00:01:36 . Memory (MB): peak = 1335.906 ; gain = 958.109
---------------------------------------------------------------------------------
---------------------------------------------------------------------------------
Start Handling Custom Attributes
---------------------------------------------------------------------------------
---------------------------------------------------------------------------------
Finished Handling Custom Attributes : Time (s): cpu = 00:01:25 ; elapsed = 00:01:36 . Memory (MB): peak = 1335.906 ; gain = 958.109
---------------------------------------------------------------------------------
---------------------------------------------------------------------------------
Start Renaming Generated Nets
---------------------------------------------------------------------------------
---------------------------------------------------------------------------------
Finished Renaming Generated Nets : Time (s): cpu = 00:01:25 ; elapsed = 00:01:36 . Memory (MB): peak = 1335.906 ; gain = 958.109
---------------------------------------------------------------------------------
---------------------------------------------------------------------------------
Start Writing Synthesis Report
---------------------------------------------------------------------------------

Report BlackBoxes: 
+-+--------------+----------+
| |BlackBox name |Instances |
+-+--------------+----------+
+-+--------------+----------+

Report Cell Usage: 
+------+----------+------+
|      |Cell      |Count |
+------+----------+------+
|1     |BUFG      |     1|
|2     |CARRY4    |     6|
|3     |LUT1      |     2|
|4     |LUT2      |    91|
|5     |LUT3      |   131|
|6     |LUT4      |   122|
|7     |LUT5      |   219|
|8     |LUT6      |   406|
|9     |RAM128X1S |     8|
|10    |FDCE      |   210|
|11    |FDPE      |     1|
|12    |IBUF      |    11|
|13    |IOBUF     |     8|
|14    |OBUF      |    46|
+------+----------+------+

Report Instance Areas: 
+------+-------------------------+------------------------------------+------+
|      |Instance                 |Module                              |Cells |
+------+-------------------------+------------------------------------+------+
|1     |top                      |                                    |  1262|
|2     |  cart_controller        |CART_Controller                     |     8|
|3     |  cpu                    |CPU                                 |  1066|
|4     |    add16_hl_pipeline    |Pipeline_Register__parameterized0   |    39|
|5     |    alu                  |ALU                                 |    44|
|6     |      Reg_A              |Register__parameterized1            |    30|
|7     |      Reg_F              |Register__parameterized2            |    11|
|8     |      misc               |Misc_ALU                            |     3|
|9     |        daa              |DAA                                 |     3|
|10    |    cu                   |ControlUnit                         |   725|
|11    |      cu_clock           |CU_Clock                            |   719|
|12    |    inc16                |Incrementer_16bit                   |     4|
|13    |    instruction_register |Bypass_Register                     |     8|
|14    |      register           |Register_18                         |     8|
|15    |    parameter_16bit      |Pipeline_Register__parameterized0_0 |    87|
|16    |    parameter_8bit       |Pipeline_Register                   |    54|
|17    |    registers            |Register_File                       |   105|
|18    |      Reg_B              |Bypass_Register_1                   |     8|
|19    |        register         |Register_17                         |     8|
|20    |      Reg_C              |Bypass_Register_2                   |     8|
|21    |        register         |Register_16                         |     8|
|22    |      Reg_D              |Bypass_Register_3                   |    13|
|23    |        register         |Register_15                         |    13|
|24    |      Reg_E              |Bypass_Register_4                   |     8|
|25    |        register         |Register_14                         |     8|
|26    |      Reg_H              |Bypass_Register_5                   |     8|
|27    |        register         |Register_13                         |     8|
|28    |      Reg_L              |Bypass_Register_6                   |    10|
|29    |        register         |Register_12                         |    10|
|30    |      Reg_PC             |Bypass_Register__parameterized0     |    16|
|31    |        register         |Register__parameterized0_11         |    16|
|32    |      Reg_SP             |Bypass_Register__parameterized0_7   |    18|
|33    |        register         |Register__parameterized0            |    18|
|34    |      Reg_W              |Bypass_Register_8                   |     8|
|35    |        register         |Register_10                         |     8|
|36    |      Reg_Z              |Bypass_Register_9                   |     8|
|37    |        register         |Register                            |     8|
|38    |  external_bus_map       |Memory_Map                          |    20|
|39    |  high_ram               |High_Ram                            |    15|
|40    |  internal_bus_map       |OAM_LastPage_Controller             |    45|
|41    |  interrupt_controller   |Interrupt_Controller                |    43|
|42    |  wram_controller        |WRAM_Controller                     |     7|
+------+-------------------------+------------------------------------+------+
---------------------------------------------------------------------------------
Finished Writing Synthesis Report : Time (s): cpu = 00:01:25 ; elapsed = 00:01:36 . Memory (MB): peak = 1335.906 ; gain = 958.109
---------------------------------------------------------------------------------
Synthesis finished with 0 errors, 0 critical warnings and 174 warnings.
Synthesis Optimization Runtime : Time (s): cpu = 00:01:25 ; elapsed = 00:01:36 . Memory (MB): peak = 1335.906 ; gain = 958.109
Synthesis Optimization Complete : Time (s): cpu = 00:01:25 ; elapsed = 00:01:36 . Memory (MB): peak = 1335.906 ; gain = 958.109
INFO: [Project 1-571] Translating synthesized netlist
Netlist sorting complete. Time (s): cpu = 00:00:00 ; elapsed = 00:00:00.120 . Memory (MB): peak = 1349.977 ; gain = 0.000
INFO: [Netlist 29-17] Analyzing 22 Unisim elements for replacement
INFO: [Netlist 29-28] Unisim Transformation completed in 0 CPU seconds
INFO: [Project 1-570] Preparing netlist for logic optimization
INFO: [Opt 31-138] Pushed 0 inverter(s) to 0 load pin(s).
Netlist sorting complete. Time (s): cpu = 00:00:00 ; elapsed = 00:00:00 . Memory (MB): peak = 1455.070 ; gain = 0.000
INFO: [Project 1-111] Unisim Transformation Summary:
  A total of 16 instances were transformed.
  IOBUF => IOBUF (IBUF, OBUFT): 8 instances
  RAM128X1S => RAM128X1S (MUXF7, RAMS64E(x2)): 8 instances

Synth Design complete | Checksum: 9333854
INFO: [Common 17-83] Releasing license: Synthesis
141 Infos, 107 Warnings, 0 Critical Warnings and 0 Errors encountered.
synth_design completed successfully
synth_design: Time (s): cpu = 00:01:28 ; elapsed = 00:01:42 . Memory (MB): peak = 1455.070 ; gain = 1084.500
Write ShapeDB Complete: Time (s): cpu = 00:00:00 ; elapsed = 00:00:00.004 . Memory (MB): peak = 1455.070 ; gain = 0.000
INFO: [Common 17-1381] The checkpoint 'C:/GitRepos/GBoilerC/Vivado Projects/GBoilerC/GBoilerC.runs/synth_1/GBC.dcp' has been generated.
INFO: [Vivado 12-24828] Executing command : report_utilization -file GBC_utilization_synth.rpt -pb GBC_utilization_synth.pb
INFO: [Common 17-206] Exiting Vivado at Sat Sep 20 15:59:14 2025...
